{
'project:custom/tag-right-level.feature':[
5,
11,
27,
],
'project:custom/useless-tag.feature':[
5,
12,
19,
],
}
