{
'project:custom/wording-business-level.feature':[
2,
5,
8,
16,
],
}
