{
'project:custom/all-step-types-in-scenario/without-background.feature':[
18,
23,
28,
33,
],
'project:custom/no-step/no-step.feature':[
7,
7,
7,
10,
10,
10,
],
'project:custom/star-step-prefix.feature':[
3,
],
'project:custom/step-of-unknown-type.feature':[
3,
],
'project:custom/steps-right-order.feature':[
11,
32,
],
}
