{
'project:custom/use-and-but.feature':[
6,
13,
23,
],
}
