{
'project:custom/all-step-types-in-scenario/without-background.feature':[
25,
],
'project:custom/steps-right-order.feature':[
8,
14,
],
}
