{
'project:custom/no-step/no-step.feature':[
11,
],
'project:custom/unused-variable.feature':[
17,
27,
],
}
