{
'project:custom/incomplete-examples-table.feature':[
8,
16,
24,
],
'project:custom/missing-data-table-column.feature':[
37,
],
}
