{
'project:custom/duplicated-scenario-names/scenarios.feature':[
3,
6,
21,
],
}
