{
'project:custom/add-common-given-steps-to-background/background-to-create.feature':[
2,
],
'project:custom/all-step-types-in-scenario/with-background.feature':[
1,
],
'project:custom/given-step-regular-expression.feature':[
1,
],
'project:custom/step-sentence-length/step-sentence-length-custom-threshold.feature':[
1,
],
}
