{
'project:custom/duplicated-scenario-names/scenarios.feature':[
16,
],
'project:custom/missing-scenario-name.feature':[
18,
24,
],
}
