{
'project:custom/star-step-prefix.feature':[
5,
],
'project:custom/step-of-unknown-type.feature':[
5,
],
'project:custom/steps-right-order.feature':[
33,
34,
],
'project:custom/use-and-but.feature':[
35,
],
}
