{
'project:custom/incomplete-examples-table.feature':[
8,
],
'project:custom/missing-data-table-column.feature':[
17,
27,
37,
],
}
